
============================================================
Running 01_source_firms.py
============================================================
/Users/tannerkinne/Downloads/pi_cms_pipeline/.venv/lib/python3.9/site-packages/urllib3/__init__.py:35: NotOpenSSLWarning: urllib3 v2 only supports OpenSSL 1.1.1+, currently the 'ssl' module is compiled with 'LibreSSL 2.8.3'. See: https://github.com/urllib3/urllib3/issues/3020
  warnings.warn(
Stage 1 complete: 20 new firms written to /Users/tannerkinne/Downloads/pi_cms_pipeline/data/firms_raw.csv
  API usage: google_places_text_search (new jersey / personal injury law firm): 2

============================================================
Running 02_detect_cms.py
============================================================
Stage 2: processing 20 firms (10 already done, skipped).
[1/20] Ethen Ostroff Law (ethenostrofflaw.com)
    -> Litify (Low confidence)
[2/20] PhillyLaw (phillylaw.com)
    -> Unknown (Low confidence)
[3/20] NYC Injury Attorneys P.C. (nyc-injury-attorneys.com)
    -> Unknown (Low confidence)
[4/20] MooreJustice New York City Accident & Injury Lawyers (injurylawatty.com)
    -> Unknown (Low confidence)
[5/20] Karasik Law Group | Brooklyn Personal Injury & Accident Attorney (karasiklawyers.com)
    -> Unknown (Low confidence)
[6/20] Ajlouny Injury Law (ajlounyinjurylaw.com)
    -> Unknown (Low confidence)
[7/20] Shulman & Hill - Brooklyn Personal Injury Lawyer (shulman-hill.com)
    -> Unknown (Low confidence)
[8/20] Redmond Law Firm, PLLC (redmondfirm.com)
    -> Unknown (Low confidence)
[9/20] Hecht, Kleeger & Damashek, P.C. (lawyer1.com)
    -> Unknown (Low confidence)
[10/20] Raphaelson & Levine Law Firm, P.C. (raphaelsonlaw.com)
    -> Unknown (Low confidence)
[11/20] Belushin Law Firm, P.C. (nypersonalinjurylawyer.com)
    -> Unknown (Low confidence)
[12/20] The Rothenberg Law Firm (injurylawyer.com)
    -> Unknown (Low confidence)
[13/20] The Barillari Law Firm, P.C. (injurylawyerstatenisland.com)
    -> Unknown (Low confidence)
[14/20] Wapner Newman (wapnernewman.com)
    -> Unknown (Low confidence)
[15/20] Feiner & Lavy, (fight4injury.com)
    -> Unknown (Low confidence)
[16/20] Wilk Law Personal Injury & Car Accident Lawyers (wilklawfirm.com)
    -> Unknown (Low confidence)
[17/20] The Pearce Law Firm, Personal Injury and Car Accident Lawyers Philadelphia (thepearcelawfirm.com)
    -> Unknown (Low confidence)
[18/20] Philadelphia Injury Lawyers P.C. (philly-injury-law.com)
    -> Unknown (Low confidence)
[19/20] Afonso & Afonso, LLC., Attorneys at Law (afonsoandafonso.com)
    -> Unknown (Low confidence)
[20/20] Friedland Law (yourfightourbattle.com)
    -> Unknown (Low confidence)

Stage 2 complete. Results in /Users/tannerkinne/Downloads/pi_cms_pipeline/data/cms_results.csv
API usage this run: site_fetch (free): 174 | exa_search: 20 | claude_classification: 20 | playwright_render: 7

============================================================
Running 03_enrich_contacts.py
============================================================
/Users/tannerkinne/Downloads/pi_cms_pipeline/.venv/lib/python3.9/site-packages/urllib3/__init__.py:35: NotOpenSSLWarning: urllib3 v2 only supports OpenSSL 1.1.1+, currently the 'ssl' module is compiled with 'LibreSSL 2.8.3'. See: https://github.com/urllib3/urllib3/issues/3020
  warnings.warn(
Stage 3: processing 20 firms (10 already done, skipped).
[1/20] Ethen Ostroff Law (ethenostrofflaw.com)
    -> Joseph
[2/20] PhillyLaw (phillylaw.com)
    -> Louis Arnold
[3/20] NYC Injury Attorneys P.C. (nyc-injury-attorneys.com)
    -> Michael Boland
[4/20] MooreJustice New York City Accident & Injury Lawyers (injurylawatty.com)
    -> (not found)
[5/20] Karasik Law Group | Brooklyn Personal Injury & Accident Attorney (karasiklawyers.com)
    -> Alexander Karasik
[6/20] Ajlouny Injury Law (ajlounyinjurylaw.com)
    -> (not found)
[7/20] Shulman & Hill - Brooklyn Personal Injury Lawyer (shulman-hill.com)
    -> Sammy
[8/20] Redmond Law Firm, PLLC (redmondfirm.com)
    -> (not found)
[9/20] Hecht, Kleeger & Damashek, P.C. (lawyer1.com)
    -> Jonathan
[10/20] Raphaelson & Levine Law Firm, P.C. (raphaelsonlaw.com)
    -> Andrew
[11/20] Belushin Law Firm, P.C. (nypersonalinjurylawyer.com)
    -> Vel Belushin
[12/20] The Rothenberg Law Firm (injurylawyer.com)
    -> Scott
[13/20] The Barillari Law Firm, P.C. (injurylawyerstatenisland.com)
    -> (not found)
[14/20] Wapner Newman (wapnernewman.com)
    -> Jarad
[15/20] Feiner & Lavy, (fight4injury.com)
    -> (not found)
[16/20] Wilk Law Personal Injury & Car Accident Lawyers (wilklawfirm.com)
    -> (not found)
[17/20] The Pearce Law Firm, Personal Injury and Car Accident Lawyers Philadelphia (thepearcelawfirm.com)
    -> Edith
[18/20] Philadelphia Injury Lawyers P.C. (philly-injury-law.com)
    -> Michael Boland
[19/20] Afonso & Afonso, LLC., Attorneys at Law (afonsoandafonso.com)
    -> (not found)
[20/20] Friedland Law (yourfightourbattle.com)
    -> Mirelly

Stage 3 complete. Results in /Users/tannerkinne/Downloads/pi_cms_pipeline/data/contacts.csv
API usage this run: site_fetch_contact_page (free): 20 | claude_contact_extraction: 16 | apollo_people_search: 20

============================================================
Running 04_score_and_export.py
============================================================
Stage 4 complete.
  Main list: 30 firms -> /Users/tannerkinne/Downloads/pi_cms_pipeline/data/final_output.csv
    Hot: 0 | Warm: 1 | Cold/Unknown: 29
  Bonus list (outliers, Hot/Warm only): 0 firms -> /Users/tannerkinne/Downloads/pi_cms_pipeline/data/bonus.csv

============================================================
Pipeline complete. See data/final_output.csv and data/bonus.csv
============================================================
